
Allocating common symbols
Common symbol       size              file

current_iphdr_src   0x4               os/net/lwip-1.4.1/src/core/ipv4/ip.o
netif_list          0x4               os/net/lwip-1.4.1/src/core/netif.o
tcp_active_pcbs_changed
                    0x1               os/net/lwip-1.4.1/src/core/tcp.o
tcp_active_pcbs     0x4               os/net/lwip-1.4.1/src/core/tcp.o
udp_pcbs            0x4               os/net/lwip-1.4.1/src/core/udp.o
errno               0x4               os/filesys/filesys.o
current_netif       0x4               os/net/lwip-1.4.1/src/core/ipv4/ip.o
shell               0x4               os/shell.o
tcp_ticks           0x4               os/net/lwip-1.4.1/src/core/tcp.o
tcp_listen_pcbs     0x4               os/net/lwip-1.4.1/src/core/tcp.o
uart2_rx_fifo       0x4               os/getchar.o
current_iphdr_dest  0x4               os/net/lwip-1.4.1/src/core/ipv4/ip.o
this_eth_dev        0x80              os/net/synMain.o
loadStack           0x4               os/filesys/load.o
dcache_desc         0x10              lib/ls1c_cache.o
tcp_tmp_pcb         0x4               os/net/lwip-1.4.1/src/core/tcp.o
h_errno             0x4               os/net/lwip-1.4.1/src/api/netdb.o
loadEntry           0x4               os/filesys/load.o
LOAD_THREAD         0x400             os/context_gcc.o
rt_thread_priority_table
                    0x100             os/thread.o
tcp_input_pcb       0x4               os/net/lwip-1.4.1/src/core/tcp_in.o
rt_thread_dead      0x8               os/thread.o
current_header      0x4               os/net/lwip-1.4.1/src/core/ipv4/ip.o
rt_current_priority
                    0x1               os/thread.o
_serv_stayopen      0x4               os/filesys/tftplib.o
irq_handlers        0x500             lib/ls1c_irq.o
dl_entry            0x4               os/filesys/loadelf.o
tcp_bound_pcbs      0x4               os/net/lwip-1.4.1/src/core/tcp.o
rt_all_thread       0x8               os/thread.o
rt_assert_hook      0x4               os/thread.o
pbuf_free_ooseq_pending
                    0x1               os/net/lwip-1.4.1/src/core/pbuf.o
icache_desc         0x10              lib/ls1c_cache.o
envvar              0x200             os/env.o
spi_flash           0x10              os/hardware/spi_flash.o
rt_thread_ready_priority_group
                    0x4               os/thread.o
dl_offset           0x4               os/filesys/loadelf.o
tcp_tw_pcbs         0x4               os/net/lwip-1.4.1/src/core/tcp.o
netif_default       0x4               os/net/lwip-1.4.1/src/core/netif.o
rt_timer_list       0x8               os/thread.o
TxMessage           0x14              example/test_can.o
exception_handlers  0x80              lib/ls1c_irq.o
spi0                0x18              os/hardware/spi_flash.o
RxMessage           0x14              example/test_can.o
LOAD_THREAD_STACK   0x400             os/context_gcc.o
dl_minaddr          0x4               os/filesys/loadelf.o
len                 0x4               os/net/synopGMAC_Dev.o
dl_maxaddr          0x4               os/filesys/loadelf.o
tftpOpenfile        0x8c              os/filesys/filesys.o

Discarded input sections

 .reginfo       0x0000000000000000        0x0 os/context_gcc.o
 .reginfo       0x0000000000000000        0x0 lib/ls1c_delay.o
 .reginfo       0x0000000000000000        0x0 lib/ls1c_cache.o
 .reginfo       0x0000000000000000        0x0 lib/ls1c_can.o
 .reginfo       0x0000000000000000        0x0 lib/ls1c_simulate_i2c.o
 .reginfo       0x0000000000000000        0x0 lib/ls1c_timer.o
 .reginfo       0x0000000000000000        0x0 lib/ls1c_pin.o
 .reginfo       0x0000000000000000        0x0 lib/ls1c_irq.o
 .reginfo       0x0000000000000000        0x0 lib/ls1c_i2c.o
 .reginfo       0x0000000000000000        0x0 lib/ls1c_public.o
 .reginfo       0x0000000000000000        0x0 lib/ls1c_sys_tick.o
 .reginfo       0x0000000000000000        0x0 lib/ls1c_clock.o
 .reginfo       0x0000000000000000        0x0 lib/ls1c_uart.o
 .reginfo       0x0000000000000000        0x0 lib/ls1c_spi.o
 .reginfo       0x0000000000000000        0x0 lib/ls1c_gpio.o
 .reginfo       0x0000000000000000        0x0 lib/ls1c_pwm.o
 .reginfo       0x0000000000000000        0x0 example/test_delay.o
 .reginfo       0x0000000000000000        0x0 example/test_can.o
 .reginfo       0x0000000000000000        0x0 example/test_i2c.o
 .reginfo       0x0000000000000000        0x0 example/test_fpu.o
 .reginfo       0x0000000000000000        0x0 example/test_timer.o
 .reginfo       0x0000000000000000        0x0 example/led.o
 .reginfo       0x0000000000000000        0x0 example/test_gpio.o
 .reginfo       0x0000000000000000        0x0 example/test_sys_tick.o
 .reginfo       0x0000000000000000        0x0 example/test_uart.o
 .reginfo       0x0000000000000000        0x0 example/test_spi.o
 .reginfo       0x0000000000000000        0x0 example/test_simulate_i2c.o
 .reginfo       0x0000000000000000        0x0 example/test_pwm.o
[...]
Memory Configuration

Name             Origin             Length             Attributes
*default*        0x0000000000000000 0xffffffffffffffff

Linker script and memory map

                0xffffffff80010000                . = 0xffffffff80010000

.text           0xffffffff80010000    0x2c5dc
                0xffffffff80010000                _ftext = .
 *(.text)
 .text          0xffffffff80010000      0xe00 lib/start.o
                0xffffffff80010a28                __main
                0xffffffff80010b18                general_exception
                0xffffffff80010cf0                cp0_get_hi
                0xffffffff80010c90                handle_reserved
                0xffffffff80010d10                tlb_refill_exception
                0xffffffff8000c000                stack
                0xffffffff80010808                suspend_save
                0xffffffff80010c94                CPU_SetSR
                0xffffffff80010cd0                cp0_get_cause
                0xffffffff8001089c                outstring
                0xffffffff80010a4c                nullfunction
                0xffffffff80010000                _start
                0xffffffff80010914                tgt_putchar
                0xffffffff8001086c                stringserial
                0xffffffff80010b34                handle_int2
                0xffffffff80010ce0                cp0_get_status
                0xffffffff800107a0                suspend_resume
                0xffffffff80010a58                cache_init
                0xffffffff80010d00                cp0_get_lo
                0xffffffff80010a30                CPU_DisableCache
                0xffffffff80010000                start
                0xffffffff800108c8                hexserial
                0xffffffff8001093c                initserial
 .text          0xffffffff80010e00      0x440 os/context_gcc.o
                0xffffffff80010f94                rt_hw_context_switch_to
                0xffffffff80011030                rt_hw_context_switch_interrupt
                0xffffffff80011070                handle_int
                0xffffffff80010e00                rt_hw_interrupt_disable
                0xffffffff80010e18                rt_hw_interrupt_enable
                0xffffffff80010e44                rt_hw_context_switch
 .text          0xffffffff80011240      0x100 lib/ls1c_delay.o
                0xffffffff80011240                delay_us
                0xffffffff800112a8                delay_ms
                0xffffffff80011308                delay_s
 .text          0xffffffff80011340      0x610 lib/ls1c_cache.o
                0xffffffff800115c0                dcache_writeback_invalidate_all
                0xffffffff80011340                dcache_writeback_invalidate_range
                0xffffffff800116b4                icache_invalidate_all
                0xffffffff800117a8                cache_probe
                0xffffffff80011480                icache_invalidate_range
 .text          0xffffffff80011950      0x560 lib/ls1c_can.o
                0xffffffff80011d10                CAN_FilterInit
                0xffffffff80011a98                CAN_Receive
                0xffffffff80011d84                CAN_Init
                0xffffffff80011950                CAN_Transmit
 .text          0xffffffff80011eb0      0x440 lib/ls1c_simulate_i2c.o
                0xffffffff80011ee8                simulate_i2c_config_sda_in
                0xffffffff80011fac                simulate_i2c_read_ack
                0xffffffff800122bc                simulate_i2c_init
                0xffffffff80012020                simulate_i2c_config_sda_out
                0xffffffff80011edc                simulate_i2c_scl_out_high
                0xffffffff80012234                simulate_i2c_start
                0xffffffff800121b8                simulate_i2c_stop
                0xffffffff80011ef4                simulate_i2c_read_byte
                0xffffffff80012154                simulate_i2c_send_ack
                0xffffffff80011ed0                simulate_i2c_scl_out_low
                0xffffffff800120f0                simulate_i2c_send_no_ack
                0xffffffff800122b0                simulate_i2c_config_scl_out
                0xffffffff80011ec4                simulate_i2c_sda_out_high
                0xffffffff80011eb8                simulate_i2c_sda_out_low
                0xffffffff80011eb0                simulate_i2c_sda_in
                0xffffffff8001202c                simulate_i2c_write_byte
 .text          0xffffffff800122f0      0x3c0 lib/ls1c_timer.o
                0xffffffff80012534                timer_init
                0xffffffff800124c0                timer_stop
                0xffffffff8001245c                timer_restart
                0xffffffff800122f0                timer_get_reg_base
                0xffffffff80012350                timer_print_regs
 .text          0xffffffff800126b0      0x2c0 lib/ls1c_pin.o
                0xffffffff800126b0                pin_set_remap
                0xffffffff80012914                pin_set_purpose
 .text          0xffffffff80012970      0x3b0 lib/ls1c_irq.o
                0xffffffff80012a94                irq_disable_all
                0xffffffff80012988                irq_enable
                0xffffffff80012bf0                irq_default_handler
                0xffffffff80012c00                irq_set_exception_vector_handler
                0xffffffff800129fc                irq_install
                0xffffffff800129c0                irq_disable
                0xffffffff80012acc                ls1c_do_IRQ
                0xffffffff80012b74                plat_irq_dispatch
                0xffffffff80012a2c                irq_init
                0xffffffff80012ae8                ls1c_irq_dispatch
                0xffffffff80012c4c                exception_init
                0xffffffff80012aac                irq_enable_all
                0xffffffff80012970                irq_set_one_exception_handler
 .text          0xffffffff80012d20      0x5f0 lib/ls1c_i2c.o
                0xffffffff80012dd4                i2c_cmd_stop
                0xffffffff80012d20                i2c_get_base
                0xffffffff80012e38                i2c_receive_ack
                0xffffffff80012ddc                i2c_send_stop
                0xffffffff80012dc4                i2c_cmd_read_ack
                0xffffffff80012dbc                i2c_cmd_read_nack
                0xffffffff80012de4                i2c_cmd_start
                0xffffffff800131ec                i2c_receive_data
                0xffffffff80012f88                i2c_poll_status
                0xffffffff80012fec                i2c_send_data
                0xffffffff80012e60                i2c_init
                0xffffffff80012dcc                i2c_cmd_write
                0xffffffff80012dec                i2c_get_status
                0xffffffff80012db4                i2c_cmd_iack
                0xffffffff80013128                i2c_send_start_and_addr
                0xffffffff80012d64                i2c_cmd
 .text          0xffffffff80013310       0x80 lib/ls1c_public.o
                0xffffffff8001332c                reg_clr_one_bit
                0xffffffff80013378                reg_write_32
                0xffffffff80013310                reg_set_one_bit
                0xffffffff80013384                reg_read_32
                0xffffffff8001335c                reg_write_8
                0xffffffff8001334c                reg_get_bit
                0xffffffff8001336c                reg_read_8
 .text          0xffffffff80013390      0x110 lib/ls1c_sys_tick.o
                0xffffffff80013418                sys_tick_get
                0xffffffff80013400                sys_tick_increase
                0xffffffff800133c4                sys_tick_init
                0xffffffff80013390                sys_tick_disable
                0xffffffff80013428                sys_tick_handler
                0xffffffff800133ac                sys_tick_enable
 .text          0xffffffff800134a0      0x240 lib/ls1c_clock.o
                0xffffffff80013504                clk_get_dc_rate
                0xffffffff800135d8                clk_get_ddr_rate
                0xffffffff800134a0                clk_get_pll_rate
                0xffffffff80013548                clk_get_cpu_rate
                0xffffffff80013650                clk_print_all
                0xffffffff80013648                clk_get_apb_rate
 .text          0xffffffff800136e0      0x6a0 lib/ls1c_uart.o
                0xffffffff80013ce8                uart_print
                0xffffffff80013d50                uart2_print
                0xffffffff800136e0                uart_get_base
                0xffffffff80013cd8                uart_debug_putc
                0xffffffff800137a4                uart_irqn_to_uartx
                0xffffffff80013d38                uart_debug_print
                0xffffffff80013824                uart_init
                0xffffffff80013a68                uart2_init
                0xffffffff80013ba0                uart_putc
                0xffffffff80013ab8                uart_is_transmit_empty
 .text          0xffffffff80013d80      0x7c0 lib/ls1c_spi.o
                0xffffffff80014318                spi_init
                0xffffffff80014278                spi_set_clock
                0xffffffff800143f8                spi_txrx_byte
                0xffffffff8001403c                spi_print_all_regs_info
                0xffffffff80013f6c                spi_clear
                0xffffffff80013ef4                spi_set_mode
                0xffffffff80013e14                spi_set_cs
                0xffffffff80013d80                spi_get_base
                0xffffffff80014154                spi_get_div
                0xffffffff80013da0                spi_wait_txrx_done
 .text          0xffffffff80014540      0x350 lib/ls1c_gpio.o
                0xffffffff80014744                gpio_get
                0xffffffff80014608                gpio_set_irq_type
                0xffffffff800145a4                gpio_get_en_reg
                0xffffffff80014540                gpio_get_cfg_reg
                0xffffffff800147b4                gpio_set
                0xffffffff8001482c                gpio_init
 .text          0xffffffff80014890      0x3d0 lib/ls1c_pwm.o
                0xffffffff80014890                pwm_get_reg_base
                0xffffffff800149a0                pwm_init
                0xffffffff80014930                pwm_enable
                0xffffffff80014c2c                pwm_disable
 .text          0xffffffff80014c60      0x230 example/test_delay.o
                0xffffffff80014cd8                test_delay_1us
                0xffffffff80014c60                test_delay_1s
                0xffffffff80014dc8                test_delay_1ms
 .text          0xffffffff80014e90      0x720 example/test_can.o
                0xffffffff8001541c                ls1c_can0_irqhandler
                0xffffffff80015284                ls1c_can1_irqhandler
                0xffffffff80014e90                candump
                0xffffffff80015180                test_cansend
                0xffffffff80014fc0                Can_Config
 .text          0xffffffff800155b0      0x1d0 example/test_i2c.o
                0xffffffff800155b0                test_i2c_am2320
 .text          0xffffffff80015780      0x300 example/test_fpu.o
                0xffffffff80015834                test_fpu_multiplication
                0xffffffff80015780                test_fpu_division
                0xffffffff8001599c                test_fpu_add
                0xffffffff80015a48                test_fpu
                0xffffffff800158e8                test_fpu_subtraction
 .text          0xffffffff80015a80       0xc0 example/test_timer.o
                0xffffffff80015a80                test_timer_irq
                0xffffffff80015b04                test_timer_pwm0_irqhandler
 .text          0xffffffff80015b40       0x40 example/led.o
                0xffffffff80015b48                led_on
                0xffffffff80015b40                led_off
                0xffffffff80015b50                led_init
 .text          0xffffffff80015b80      0x1b0 example/test_gpio.o
                0xffffffff80015c44                test_gpio_input
                0xffffffff80015b80                test_gpio_key_irqhandler
                0xffffffff80015b94                test_gpio_key_irq
                0xffffffff80015cc0                test_gpio_output
 .text          0xffffffff80015d30      0x150 example/test_sys_tick.o
                0xffffffff80015d30                test_sys_tick
 .text          0xffffffff80015e80      0x440 example/test_uart.o
                0xffffffff80015f28                test_uart1_send_recv
                0xffffffff80016048                test_uart8_send_recv
                0xffffffff80015e80                test_uart2_print_helloworld
                0xffffffff80015eac                test_printf
                0xffffffff80016230                test_uart_irqhandler
                0xffffffff8001613c                test_uart3_send_recv
                0xffffffff80015fb8                test_uart2_send_recv
 .text          0xffffffff800162c0      0x620 example/test_spi.o
                0xffffffff80016820                tm7705_init
                0xffffffff800165e0                tm7705_calib_self
                0xffffffff8001645c                tm7705_wait_DRDY
                0xffffffff800164c4                tm7705_read_channel
                0xffffffff800168b8                test_spi_tm7705
                0xffffffff8001639c                tm7705_sync_spi
                0xffffffff800166c8                tm7705_reset_and_reconfig
                0xffffffff80016700                tm7705_get_ad
                0xffffffff80016658                tm7705_config_channel
                0xffffffff800167c4                tm7705_get_temperature
                0xffffffff80016410                tm7705_reset
                0xffffffff800162c0                tm7705_calc_temp_from_ad
 .text          0xffffffff800168e0      0x300 example/test_simulate_i2c.o
                0xffffffff80016940                am2320_get_temp_humi
                0xffffffff80016bb4                test_simulate_i2c_am2320
                0xffffffff800168e0                am2320_crc16
                0xffffffff80016ba8                am2320_init
 .text          0xffffffff80016be0      0x140 example/test_pwm.o
                0xffffffff80016be0                test_pwm_gpio04_gpio06
                0xffffffff80016c34                test_pwm_pulse
                0xffffffff80016cb0                test_pwm_normal
 .text          0xffffffff80016d20       0xb0 app/main.o
                0xffffffff80016d20                fpu_init
                0xffffffff80016d54                bsp_init
                0xffffffff80016da4                main
 .text          0xffffffff80016dd0        0x0 libc/ctype.o
 .text          0xffffffff80016dd0       0xb0 libc/printf.o
                0xffffffff80016dd0                printf
 .text          0xffffffff80016e80       0x60 libc/strcspn.o
                0xffffffff80016e80                strcspn
 .text          0xffffffff80016ee0       0x30 libc/sprintf.o
                0xffffffff80016ee0                sprintf
 .text          0xffffffff80016f10       0x80 libc/strstr.o
                0xffffffff80016f10                strstr
 .text          0xffffffff80016f90       0x30 libc/strlen.o
                0xffffffff80016f90                strlen
 .text          0xffffffff80016fc0       0x40 libc/strcmp.o
                0xffffffff80016fc0                strcmp
 .text          0xffffffff80017000       0x90 libc/strcpy.o
                0xffffffff80017000                strcpy
                0xffffffff80017030                strlcpy
 .text          0xffffffff80017090      0x100 libc/modf.o
                0xffffffff80017090                modf
 .text          0xffffffff80017190       0x90 libc/memcpy.o
                0xffffffff80017190                memcpy
                0xffffffff800171f0                memset
 .text          0xffffffff80017220       0x70 libc/strichr.o
                0xffffffff80017220                strichr
 .text          0xffffffff80017290       0x60 libc/strcat.o
                0xffffffff80017290                strcat
 .text          0xffffffff800172f0       0x50 libc/strtoupp.o
                0xffffffff800172f0                strtoupper
 .text          0xffffffff80017340       0x90 libc/fls.o
                0xffffffff80017340                fls
 .text          0xffffffff800173d0      0x410 libc/scanf.o
                0xffffffff800177b0                sscanf
 .text          0xffffffff800177e0       0x20 libc/toupper.o
                0xffffffff800177e0                toupper
 .text          0xffffffff80017800       0x80 libc/strncpy.o
                0xffffffff80017800                strncpy
 .text          0xffffffff80017880      0x470 libc/atob.o
                0xffffffff80017880                gethex
                0xffffffff80017c3c                atob
                0xffffffff80017918                btoa
 .text          0xffffffff80017cf0     0x1160 libc/vsprintf.o
                0xffffffff80018924                vsprintf
 .text          0xffffffff80018e50       0x30 libc/ffs.o
                0xffffffff80018e50                ffs
 .text          0xffffffff80018e80      0x190 libc/str_fmt.o
                0xffffffff80018e80                str_fmt
 .text          0xffffffff80019010       0x50 libc/strchr.o
                0xffffffff80019010                strchr
 .text          0xffffffff80019060       0x30 libm/s_fabs.o
                0xffffffff80019060                fabs
 .text          0xffffffff80019090      0x190 libm/s_scalbn.o
                0xffffffff80019090                scalbn
 .text          0xffffffff80019220      0xad0 libm/e_pow.o
                0xffffffff80019220                __ieee754_pow
                0xffffffff80019ce4                pow
 .text          0xffffffff80019cf0      0x2a0 libm/e_sqrt.o
                0xffffffff80019f84                sqrt
                0xffffffff80019cf0                __ieee754_sqrt
 .text          0xffffffff80019f90       0x40 libm/s_copysign.o
                0xffffffff80019f90                copysign
 .text          0xffffffff80019fd0      0x2c0 os/getchar.o
                0xffffffff8001a000                uart2GetCharInit
                0xffffffff80019fd0                rt_hw_interrupt_install
                0xffffffff8001a0b0                getchar
                0xffffffff8001a17c                rt_hw_serial_isr
 .text          0xffffffff8001a290      0xc70 os/mem.o
                0xffffffff8001adb0                rt_system_heap_init
                0xffffffff8001a400                memmove
                0xffffffff8001aaf0                malloc_align
                0xffffffff8001a808                malloc
                0xffffffff8001ab5c                calloc
                0xffffffff8001a34c                str_common
                0xffffffff8001a2c8                strncmp
                0xffffffff8001abac                realloc
                0xffffffff8001a46c                list_mem
                0xffffffff8001a3a8                memcmp
                0xffffffff8001a290                rt_memory_info
                0xffffffff8001a600                free
 .text          0xffffffff8001af00        0x0 os/testFun.o
 .text          0xffffffff8001af00       0xb0 os/stdlib.o
                0xffffffff8001af00                atoi
 .text          0xffffffff8001afb0      0xd90 os/env.o
                0xffffffff8001b024                check_mac_format
                0xffffffff8001bbf0                getenv
                0xffffffff8001b710                striequ
                0xffffffff8001b270                nvram_put
                0xffffffff8001b8e8                map_rom_env
                0xffffffff8001b1f0                clearEnv
                0xffffffff8001b230                bootSpaceErase
                0xffffffff8001b398                unset_rom_env
                0xffffffff8001b570                set_rom_env
                0xffffffff8001b380                nvram_get
                0xffffffff8001b2c0                resetNorEnvSpace
                0xffffffff8001bcac                envinit
                0xffffffff8001b118                mac_str_to_hex
                0xffffffff8001bab0                do_setenv
                0xffffffff8001bb24                set
 .text          0xffffffff8001bd40      0x6e0 os/common_fun.o
                0xffffffff8001c070                dataHexPrint2
                0xffffffff8001bea8                getstr
                0xffffffff8001bd40                panduan_hex
                0xffffffff8001bf38                gets
                0xffffffff8001bfb0                dotik
                0xffffffff8001c2a8                show_hex
                0xffffffff8001c1a0                dataHexPrint
                0xffffffff8001bd94                str_to_hex
 .text          0xffffffff8001c420      0x2f0 os/os.o
                0xffffffff8001c50c                osMain
                0xffffffff8001c5f8                rt_hw_cpu_shutdown
                0xffffffff8001c678                rt_interrupt_get_nest
                0xffffffff8001c4b4                rt_components_init
                0xffffffff8001c614                tlb_refill_handler
                0xffffffff8001c6ac                rt_interrupt_leave
                0xffffffff8001c458                rt_hw_interrupt_mask
                0xffffffff8001c6dc                rt_interrupt_enter
                0xffffffff8001c420                rt_hw_interrupt_umask
 .text          0xffffffff8001c710      0xd00 os/shell.o
                0xffffffff8001c7bc                msh_exec
                0xffffffff8001cdec                shell_thread_entry
                0xffffffff8001c734                shellInit
                0xffffffff8001c710                msh_auto_complete_path
                0xffffffff8001c720                finsh_system_function_init
                0xffffffff8001cbe4                msh_auto_complete
                0xffffffff8001cb18                help
                0xffffffff8001c718                msh_exec_script
 .text          0xffffffff8001d410       0xc0 os/rand.o
                0xffffffff8001d410                rand_r
                0xffffffff8001d4ac                rand
                0xffffffff8001d4b8                srand
 .text          0xffffffff8001d4d0     0x2710 os/thread.o
                0xffffffff8001dcf0                list_thread
                0xffffffff8001f7d8                rt_hw_stack_init
                0xffffffff8001d740                rt_assert_handler
                0xffffffff8001f4fc                rt_thread_delay
                0xffffffff8001d4f4                rt_list_remove
                0xffffffff8001e230                rt_timer_check
                0xffffffff8001d9f0                rt_schedule_insert_thread
                0xffffffff8001dc64                rt_thread_suspend
                0xffffffff8001f6f0                rt_thread_timeout
                0xffffffff8001d514                rt_list_isempty
                0xffffffff8001e394                rt_mb_delete
                0xffffffff8001d834                rt_timer_init
                0xffffffff8001e54c                rt_mb_create
                0xffffffff8001d65c                find_thread_by_id
                0xffffffff8001d724                show_rt_current_thread_remain_tick
                0xffffffff8001d5d8                thread_init
                0xffffffff8001f1b8                rt_sem_release
                0xffffffff8001f974                thread_join_init
                0xffffffff8001d798                rt_mb_init
                0xffffffff8001d4dc                rt_list_insert_before
                0xffffffff8001dbc4                rt_sem_detach
                0xffffffff8001d69c                ps_thread
                0xffffffff8001dafc                rt_thread_resume
                0xffffffff8001eb08                kill
                0xffffffff8001f764                rt_thread_exit
                0xffffffff8001d524                rt_list_insert_after
                0xffffffff8001da8c                rt_timer_stop
                0xffffffff8001d4d0                rt_list_init
                0xffffffff8001e9c8                killThreadFun
                0xffffffff8001d53c                __rt_ffs
                0xffffffff8001f490                rt_thread_sleep
                0xffffffff8001ee38                rt_mb_send_wait
                0xffffffff8001f1b0                rt_mb_send
                0xffffffff8001f504                idle_thread
                0xffffffff8001e6c8                thread_start
                0xffffffff8001f400                rt_thread_dead_exit
                0xffffffff8001eb44                rt_mb_recv
                0xffffffff8001d640                rt_sem_init
                0xffffffff8001d960                rt_schedule_remove_thread
                0xffffffff8001d5cc                rt_thread_self
                0xffffffff8001f23c                rt_sem_take
                0xffffffff8001f614                threadTask
                0xffffffff8001e4b4                rt_sem_delete
                0xffffffff8001e744                rt_schedule
                0xffffffff8001e630                rt_sem_create
                0xffffffff8001e320                rt_timer_start
 .text          0xffffffff8001fbe0     0x1330 os/net/synMain.o
                0xffffffff80020694                synopGMAC_setup_rx_desc_queue
                0xffffffff80020c6c                rt_eth_tx
                0xffffffff80020754                synopGMAC_setup_tx_desc_queue
                0xffffffff8001fbe0                rt_hw_eth_init
                0xffffffff80020a6c                rt_eth_rx
                0xffffffff8001fe08                hw_eth_init_thread_entry
                0xffffffff800201a4                eth_rx_irq
                0xffffffff8001fc5c                init_phy
                0xffffffff8002057c                synopGMAC_linux_cable_unplug_function
                0xffffffff80020814                init_eth
                0xffffffff800204b8                synopGMAC_check_phy_init
 .text          0xffffffff80020f10      0x420 os/net/mii.o
                0xffffffff800212d8                mii_link_ok
                0xffffffff80020f10                mii_check_gmii_support
                0xffffffff80020f84                mii_ethtool_gset
 .text          0xffffffff80021330      0x1c0 os/net/synopGMAC_plat.o
                0xffffffff80021330                flush_cache
                0xffffffff80021480                plat_alloc_memory
                0xffffffff800213cc                plat_free_memory
                0xffffffff800213d4                plat_free_consistent_dmaable_memory
                0xffffffff800213c4                plat_delay
                0xffffffff800213ec                plat_alloc_consistent_dmaable_memory
                0xffffffff8002136c                gmac_dmamap
                0xffffffff8002137c                plat_dma_map_single
 .text          0xffffffff800214f0     0x2680 os/net/synopGMAC_Dev.o
                0xffffffff80023040                synopGMAC_read_mmc_tx_int_status
                0xffffffff80021560                synopGMAC_wd_enable
                0xffffffff80023274                synopGMAC_TS_int_enable
                0xffffffff800232a8                synopGMAC_TS_mac_addr_filt_enable
                0xffffffff800218b8                synopGMAC_write_hash_table_low
                0xffffffff80022e90                synopGMAC_pmt_int_disable
                0xffffffff80022fb4                synopGMAC_mmc_counters_set_selfclear
                0xffffffff80021ae0                synopGMAC_tx_flow_control_enable
                0xffffffff80021a28                synopGMAC_promisc_disable
                0xffffffff8002175c                synopGMAC_retry_disable
                0xffffffff8002234c                synopGMAC_is_sof_in_rx_desc
                0xffffffff8002334c                synopGMAC_TS_event_disable
                0xffffffff80021538                synopGMAC_dma_bus_mode_init
                0xffffffff80023a60                synopGMAC_attach
                0xffffffff80022f80                synopGMAC_mmc_counters_stop
                0xffffffff80021514                synopGMAC_get_mdc_clk_div
                0xffffffff800218e0                synopGMAC_Hash_filter_only_enable
                0xffffffff80023104                synopGMAC_disable_rx_Ipchecksum_offload
                0xffffffff800215f4                synopGMAC_frame_burst_disable
                0xffffffff80021a78                synopGMAC_unicast_pause_frame_detect_enable
                0xffffffff80021bc8                synopGMAC_mac_init
                0xffffffff8002159c                synopGMAC_jab_enable
                0xffffffff80023140                synopGMAC_rx_tcpip_chksum_drop_disable
                0xffffffff80022400                synopGMAC_is_exc_tx_collisions
                0xffffffff800220cc                synopGMAC_set_mac_addr
                0xffffffff80022cac                synopGMAC_disable_interrupt
                0xffffffff80023564                synopGMAC_TS_timestamp_init
                0xffffffff800236bc                synopGMAC_TS_addend_update
                0xffffffff800219c0                synopGMAC_multicast_disable
                0xffffffff80023240                synopGMAC_TS_enable
                0xffffffff800216d8                synopGMAC_loopback_on
                0xffffffff80023404                synopGMAC_TS_pkt_snoop_ver2
                0xffffffff80023068                synopGMAC_enable_mmc_tx_interrupt
                0xffffffff80021ac4                synopGMAC_rx_flow_control_disable
                0xffffffff800215d8                synopGMAC_frame_burst_enable
                0xffffffff80023450                synopGMAC_TS_binary_rollover_enable
                0xffffffff8002236c                synopGMAC_is_da_filter_failed
                0xffffffff80022210                synopGMAC_init_tx_rx_desc_queue
                0xffffffff800222e8                synopGMAC_init_rx_desc_base
                0xffffffff80023930                synopGMAC_read_phy_reg
                0xffffffff80022f10                synopGMAC_magic_packet_enable
                0xffffffff8002181c                synopGMAC_rx_disable
                0xffffffff80021a90                synopGMAC_unicast_pause_frame_detect_disable
                0xffffffff800223a4                synopGMAC_is_desc_valid
                0xffffffff80023084                synopGMAC_disable_mmc_rx_interrupt
                0xffffffff80021804                synopGMAC_rx_enable
                0xffffffff800218f8                synopGMAC_src_addr_filter_enable
                0xffffffff800216c0                synopGMAC_rx_own_disable
                0xffffffff80023120                synopGMAC_rx_tcpip_chksum_drop_enable
                0xffffffff800230b8                synopGMAC_disable_mmc_ipc_rx_interrupt
                0xffffffff800222fc                synopGMAC_init_tx_desc_base
                0xffffffff80022f58                synopGMAC_is_magic_packet_received
                0xffffffff80021524                synopGMAC_read_version
                0xffffffff800224b8                synopGMAC_get_desc_data
                0xffffffff8002166c                synopGMAC_select_gmii
                0xffffffff80022430                synopGMAC_is_frame_dribbling_errors
                0xffffffff80021954                synopGMAC_set_pass_control
                0xffffffff8002178c                synopGMAC_pad_crc_strip_disable
                0xffffffff80021b14                synopGMAC_tx_activate_flow_control
                0xffffffff800214f0                synopGMAC_set_mdc_clk_div
                0xffffffff80023438                synopGMAC_TS_digital_rollover_enable
                0xffffffff80023854                synopGMAC_reset
                0xffffffff8002301c                synopGMAC_read_mmc_counter
                0xffffffff8002235c                synopGMAC_is_eof_in_rx_desc
                0xffffffff80022c7c                synopGMAC_get_interrupt_mask
                0xffffffff800223e8                synopGMAC_is_tx_carrier_error
                0xffffffff80022f6c                synopGMAC_is_wakeup_frame_received
                0xffffffff800234d4                synopGMAC_TS_subsecond_init
                0xffffffff800232fc                synopGMAC_TS_master_enable
                0xffffffff80022424                synopGMAC_is_rx_crc
                0xffffffff800219dc                synopGMAC_multicast_hash_filter_enable
                0xffffffff800223b4                synopGMAC_is_desc_empty
                0xffffffff80022e3c                synopGMAC_disable_dma_tx
                0xffffffff80022398                synopGMAC_get_rx_desc_frame_length
                0xffffffff80022d1c                synopGMAC_take_desc_ownership
                0xffffffff8002339c                synopGMAC_TS_IPV6_enable
                0xffffffff800231c8                synopGMAC_is_tx_payload_checksum_error
                0xffffffff80023380                synopGMAC_TS_IPV4_disable
                0xffffffff800221e4                synopGMAC_rx_desc_init_chain
                0xffffffff80022fe8                synopGMAC_mmc_counters_disable_rollover
                0xffffffff80023548                synopGMAC_TS_read_target_timestamp
                0xffffffff80021b90                synopGMAC_pause_control
                0xffffffff800233e8                synopGMAC_TS_ptp_over_ethernet_disable
                0xffffffff800217b0                synopGMAC_back_off_limit
                0xffffffff80023610                synopGMAC_TS_timestamp_update
                0xffffffff80021630                synopGMAC_jumbo_frame_disable
                0xffffffff80022c68                synopGMAC_clear_interrupt
                0xffffffff8002170c                synopGMAC_set_full_duplex
                0xffffffff80021a5c                synopGMAC_unicast_hash_filter_disable
                0xffffffff80022f98                synopGMAC_mmc_counters_resume
                0xffffffff80022e58                synopGMAC_disable_dma_rx
                0xffffffff800223f4                synopGMAC_get_tx_collision_count
                0xffffffff80022ec0                synopGMAC_power_down_disable
                0xffffffff80021b64                synopGMAC_tx_deactivate_flow_control
                0xffffffff80022c9c                synopGMAC_disable_interrupt_all
                0xffffffff800232e4                synopGMAC_TS_set_clk_type
                0xffffffff8002350c                synopGMAC_TS_load_timestamp_higher_val
                0xffffffff800224a0                synopGMAC_is_rx_desc_chained
                0xffffffff800230ec                synopGMAC_enable_rx_chksum_offload
                0xffffffff8002216c                synopGMAC_rx_desc_init_ring
                0xffffffff8002154c                synopGMAC_dma_control_init
                0xffffffff800221fc                synopGMAC_tx_desc_init_chain
                0xffffffff80021940                synopGMAC_dst_addr_filter_normal
                0xffffffff800217d0                synopGMAC_deferral_check_enable
                0xffffffff800219a8                synopGMAC_multicast_enable
                0xffffffff80021990                synopGMAC_broadcast_disable
                0xffffffff80021af8                synopGMAC_tx_flow_control_disable
                0xffffffff80023520                synopGMAC_TS_read_timestamp_higher_val
                0xffffffff80022e74                synopGMAC_pmt_int_enable
                0xffffffff80022890                synopGMAC_set_rx_qptr
                0xffffffff800234bc                synopGMAC_TS_fine_update
                0xffffffff80023258                synopGMAC_TS_disable
                0xffffffff80021580                synopGMAC_wd_disable
                0xffffffff8002186c                synopGMAC_frame_filter_enable
                0xffffffff80021974                synopGMAC_broadcast_enable
                0xffffffff80022448                synopGMAC_is_last_rx_desc
                0xffffffff80021a44                synopGMAC_unicast_hash_filter_enable
                0xffffffff800231bc                synopGMAC_is_tx_ipv4header_checksum_error
                0xffffffff80023484                synopGMAC_TS_all_frames_disable
                0xffffffff800234e8                synopGMAC_TS_read_timestamp
                0xffffffff8002346c                synopGMAC_TS_all_frames_enable
                0xffffffff80022310                synopGMAC_set_owner_dma
                0xffffffff80023290                synopGMAC_TS_int_disable
                0xffffffff80022f28                synopGMAC_wakeup_frame_enable
                0xffffffff80021838                synopGMAC_tx_enable
                0xffffffff80022fcc                synopGMAC_mmc_counters_reset_selfclear
                0xffffffff8002322c                synopGMAC_tx_checksum_offload_tcp_pseudo
                0xffffffff800230d0                synopGMAC_enable_mmc_ipc_rx_interrupt
                0xffffffff80022edc                synopGMAC_enable_pmt_interrupt
                0xffffffff8002309c                synopGMAC_enable_mmc_rx_interrupt
                0xffffffff8002315c                synopGMAC_is_rx_checksum_error
                0xffffffff80022c8c                synopGMAC_enable_interrupt
                0xffffffff8002320c                synopGMAC_tx_checksum_offload_tcponly
                0xffffffff80022ac8                synopGMAC_get_rx_qptr
                0xffffffff8002240c                synopGMAC_is_rx_frame_damaged
                0xffffffff80022324                synopGMAC_set_desc_sof
                0xffffffff800216f0                synopGMAC_loopback_off
                0xffffffff80023334                synopGMAC_TS_event_enable
                0xffffffff8002341c                synopGMAC_TS_pkt_snoop_ver1
                0xffffffff80023368                synopGMAC_TS_IPV4_enable
                0xffffffff800219f4                synopGMAC_multicast_hash_filter_disable
                0xffffffff8002188c                synopGMAC_frame_filter_disable
                0xffffffff80021650                synopGMAC_disable_crs
                0xffffffff8002168c                synopGMAC_select_mii
                0xffffffff800215b8                synopGMAC_jab_disable
                0xffffffff800231ec                synopGMAC_tx_checksum_offload_ipv4hdr
                0xffffffff80022124                synopGMAC_get_mac_addr
                0xffffffff80021aac                synopGMAC_rx_flow_control_enable
                0xffffffff800218a8                synopGMAC_write_hash_table_high
                0xffffffff80022198                synopGMAC_rx_desc_recycle
                0xffffffff800233b4                synopGMAC_TS_IPV6_disable
                0xffffffff800229b4                synopGMAC_set_rx_qptr_init
                0xffffffff800223dc                synopGMAC_is_tx_aborted
                0xffffffff80022ef8                synopGMAC_disable_pmt_interrupt
                0xffffffff80021740                synopGMAC_retry_enable
                0xffffffff80022474                synopGMAC_is_last_tx_desc
                0xffffffff80021910                synopGMAC_src_addr_filter_disable
                0xffffffff800216a4                synopGMAC_rx_own_enable
                0xffffffff80023000                synopGMAC_mmc_counters_enable_rollover
                0xffffffff8002375c                synopGMAC_write_wakeup_frame_register
                0xffffffff80022f40                synopGMAC_pmt_unicast_enable
                0xffffffff80022ce0                synopGMAC_enable_dma_tx
                0xffffffff800232c4                synopGMAC_TS_mac_addr_filt_disable
                0xffffffff8002192c                synopGMAC_dst_addr_filter_inverse
                0xffffffff800239f8                synopGMAC_phy_loopback
                0xffffffff80022cf8                synopGMAC_resume_dma_tx
                0xffffffff800218c8                synopGMAC_hash_perfect_filter_enable
                0xffffffff80023894                synopGMAC_write_phy_reg
                0xffffffff80022cc8                synopGMAC_enable_dma_rx
                0xffffffff800224ac                synopGMAC_is_tx_desc_chained
                0xffffffff800221b8                synopGMAC_tx_desc_init_ring
                0xffffffff800226e0                synopGMAC_set_tx_qptr
                0xffffffff800231d4                synopGMAC_tx_checksum_offload_bypass
                0xffffffff8002237c                synopGMAC_is_sa_filter_failed
                0xffffffff80021774                synopGMAC_pad_crc_strip_enable
                0xffffffff80021850                synopGMAC_tx_disable
                0xffffffff80021724                synopGMAC_set_half_duplex
                0xffffffff80022338                synopGMAC_set_desc_eof
                0xffffffff80023030                synopGMAC_read_mmc_rx_int_status
                0xffffffff80021a10                synopGMAC_promisc_enable
                0xffffffff80023314                synopGMAC_TS_master_disable
                0xffffffff80022dbc                synopGMAC_take_desc_ownership_tx
                0xffffffff800234a0                synopGMAC_TS_coarse_update
                0xffffffff80023050                synopGMAC_disable_mmc_tx_interrupt
                0xffffffff800233d0                synopGMAC_TS_ptp_over_ethernet_enable
                0xffffffff80022d0c                synopGMAC_resume_dma_rx
                0xffffffff80022d3c                synopGMAC_take_desc_ownership_rx
                0xffffffff80022548                synopGMAC_get_tx_qptr
                0xffffffff800223cc                synopGMAC_is_rx_desc_valid
                0xffffffff80022418                synopGMAC_is_rx_frame_collision
                0xffffffff8002243c                synopGMAC_is_rx_frame_length_errors
                0xffffffff800237c8                synopGMAC_get_interrupt_type
                0xffffffff80023530                synopGMAC_TS_load_target_timestamp
                0xffffffff800217e8                synopGMAC_deferral_check_disable
                0xffffffff80021614                synopGMAC_jumbo_frame_enable
                0xffffffff8002238c                synopGMAC_is_desc_owned_by_dma
                0xffffffff80022ea8                synopGMAC_power_down_enable
 .text          0xffffffff80023b70        0x0 os/net/lwip-1.4.1/src/core/dhcp.o
 .text          0xffffffff80023b70        0x0 os/net/lwip-1.4.1/src/core/mem.o
 .text          0xffffffff80023b70       0x60 os/net/lwip-1.4.1/src/core/init.o
                0xffffffff80023b70                lwip_init
 .text          0xffffffff80023bd0      0x1e0 os/net/lwip-1.4.1/src/core/memp.o
                0xffffffff80023c80                memp_free
                0xffffffff80023cfc                memp_malloc
                0xffffffff80023bd0                memp_init
 .text          0xffffffff80023db0       0x70 os/net/lwip-1.4.1/src/core/sys.o
                0xffffffff80023db0                sys_msleep
 .text          0xffffffff80023e20     0x20a0 os/net/lwip-1.4.1/src/core/tcp_in.o
                0xffffffff80025008                tcp_input
 .text          0xffffffff80025ec0      0xa20 os/net/lwip-1.4.1/src/core/dns.o
                0xffffffff80026244                dns_gethostbyname
                0xffffffff80025ec0                dns_setserver
                0xffffffff80025f0c                dns_getserver
                0xffffffff800264ac                dns_tmr
                0xffffffff800264f8                dns_init
 .text          0xffffffff800268e0        0x0 os/net/lwip-1.4.1/src/core/raw.o
 .text          0xffffffff800268e0     0x17b0 os/net/lwip-1.4.1/src/core/tcp.o
                0xffffffff8002698c                tcp_next_iss
                0xffffffff800268f0                tcp_update_rcv_ann_wnd
                0xffffffff80026970                tcp_err
                0xffffffff80026960                tcp_recv
                0xffffffff80027358                tcp_alloc
                0xffffffff80026958                tcp_arg
                0xffffffff80027d44                tcp_shutdown
                0xffffffff80027e34                tcp_recv_null
                0xffffffff80027e10                tcp_close
                0xffffffff80026a18                tcp_recved
                0xffffffff80026b5c                tcp_pcb_purge
                0xffffffff80027554                tcp_new
                0xffffffff80026b2c                tcp_segs_free
                0xffffffff800278f0                tcp_bind
                0xffffffff80027350                tcp_abort
                0xffffffff80026adc                tcp_seg_free
                0xffffffff800268e0                tcp_init
                0xffffffff8002755c                tcp_connect
                0xffffffff800269c0                tcp_eff_send_mss
                0xffffffff80026968                tcp_sent
                0xffffffff80028044                tcp_tmr
                0xffffffff80026950                tcp_setprio
                0xffffffff80026cb0                tcp_slowtmr
                0xffffffff80026978                tcp_accept
                0xffffffff800277c8                tcp_listen_with_backlog
                0xffffffff80026be0                tcp_pcb_remove
                0xffffffff800271d4                tcp_abandon
                0xffffffff800269a8                tcp_debug_state_str
                0xffffffff80027f70                tcp_fasttmr
                0xffffffff80027e8c                tcp_process_refused_data
                0xffffffff80026a88                tcp_seg_copy
                0xffffffff80026980                tcp_poll
 .text          0xffffffff80028090       0x80 os/net/lwip-1.4.1/src/core/def.o
                0xffffffff800280e8                lwip_ntohl
                0xffffffff80028090                lwip_htons
                0xffffffff800280c0                lwip_htonl
                0xffffffff800280a8                lwip_ntohs
 .text          0xffffffff80028110      0x4b0 os/net/lwip-1.4.1/src/core/netif.o
                0xffffffff80028198                netif_set_netmask
                0xffffffff80028508                netif_add
                0xffffffff800282e8                netif_set_ipaddr
                0xffffffff80028248                netif_set_up
                0xffffffff800281ac                netif_set_default
                0xffffffff800282bc                netif_set_down
                0xffffffff800281d4                netif_set_link_up
                0xffffffff800283d0                netif_set_addr
                0xffffffff800281b8                netif_set_link_down
                0xffffffff80028184                netif_set_gw
                0xffffffff8002842c                netif_remove
                0xffffffff80028110                netif_init
                0xffffffff80028118                netif_find
 .text          0xffffffff800285c0        0x0 os/net/lwip-1.4.1/src/core/stats.o
 .text          0xffffffff800285c0      0x420 os/net/lwip-1.4.1/src/core/timers.o
                0xffffffff8002885c                sys_timeouts_init
                0xffffffff80028768                sys_timeout
                0xffffffff800285c0                sys_timeouts_mbox_fetch
                0xffffffff800288a8                tcp_timer_needed
                0xffffffff800286ec                sys_untimeout
 .text          0xffffffff800289e0      0xd10 os/net/lwip-1.4.1/src/core/pbuf.o
                0xffffffff800292c4                pbuf_realloc
                0xffffffff80028c74                pbuf_memfind
                0xffffffff80029198                pbuf_free
                0xffffffff80028ae0                pbuf_cat
                0xffffffff800290f4                pbuf_ref
                0xffffffff80028e8c                pbuf_copy_partial
                0xffffffff80028dd4                pbuf_take
                0xffffffff80028fa8                pbuf_copy
                0xffffffff800293d4                pbuf_alloc
                0xffffffff80028d44                pbuf_strstr
                0xffffffff80028b94                pbuf_memcmp
                0xffffffff80028b40                pbuf_get_at
                0xffffffff80028ac0                pbuf_clen
                0xffffffff80029614                pbuf_coalesce
                0xffffffff800289e0                pbuf_header
                0xffffffff80029140                pbuf_chain
                0xffffffff8002926c                pbuf_dechain
 .text          0xffffffff800296f0      0x8b0 os/net/lwip-1.4.1/src/core/udp.o
                0xffffffff80029968                udp_remove
                0xffffffff80029c24                udp_sendto
                0xffffffff800299d0                udp_sendto_if
                0xffffffff800298fc                udp_disconnect
                0xffffffff80029914                udp_recv
                0xffffffff80029820                udp_connect
                0xffffffff800296f8                udp_bind
                0xffffffff80029cac                udp_send
                0xffffffff80029cb8                udp_input
                0xffffffff800296f0                udp_init
                0xffffffff80029920                udp_new
 .text          0xffffffff80029fa0     0x1750 os/net/lwip-1.4.1/src/core/tcp_out.o
                0xffffffff8002a300                tcp_rst
                0xffffffff8002a230                tcp_keepalive
                0xffffffff8002adac                tcp_enqueue_flags
                0xffffffff8002abf4                tcp_rexmit_rto
                0xffffffff8002afe4                tcp_write
                0xffffffff8002a538                tcp_rexmit
                0xffffffff8002af1c                tcp_send_fin
                0xffffffff8002a6a4                tcp_output
                0xffffffff8002a46c                tcp_send_empty_ack
                0xffffffff8002a5f8                tcp_rexmit_fast
                0xffffffff8002a0a8                tcp_zero_window_probe
 .text          0xffffffff8002b6f0        0x0 os/net/lwip-1.4.1/src/core/ipv4/ip_frag.o
 .text          0xffffffff8002b6f0        0x0 os/net/lwip-1.4.1/src/core/ipv4/inet.o
 .text          0xffffffff8002b6f0      0x4a0 os/net/lwip-1.4.1/src/core/ipv4/ip_addr.o
                0xffffffff8002bae8                ipaddr_addr
                0xffffffff8002b840                ipaddr_ntoa
                0xffffffff8002bb14                ip4_addr_netmask_valid
                0xffffffff8002b850                ipaddr_aton
                0xffffffff8002b6f0                ip4_addr_isbroadcast
                0xffffffff8002b74c                ipaddr_ntoa_r
 .text          0xffffffff8002bb90      0x9b0 os/net/lwip-1.4.1/src/core/ipv4/igmp.o
                0xffffffff8002c320                igmp_report_groups
                0xffffffff8002bdb8                igmp_leavegroup
                0xffffffff8002bbb4                igmp_lookfor_group
                0xffffffff8002c0c4                igmp_start
                0xffffffff8002c138                igmp_joingroup
                0xffffffff8002bf4c                igmp_stop
                0xffffffff8002c37c                igmp_input
                0xffffffff8002bb90                igmp_init
                0xffffffff8002bd44                igmp_tmr
 .text          0xffffffff8002c540      0x6e0 os/net/lwip-1.4.1/src/core/ipv4/ip.o
                0xffffffff8002c884                ip_output_if
                0xffffffff8002c8c0                ip_output
                0xffffffff8002c540                ip_route
                0xffffffff8002c5b4                ip_output_if_opt
                0xffffffff8002c950                ip_input
 .text          0xffffffff8002cc20        0x0 os/net/lwip-1.4.1/src/core/ipv4/autoip.o
 .text          0xffffffff8002cc20      0x480 os/net/lwip-1.4.1/src/core/ipv4/inet_chksum.o
                0xffffffff8002cda0                inet_chksum
                0xffffffff8002cf4c                inet_chksum_pseudo
                0xffffffff8002ccc0                inet_chksum_pbuf
                0xffffffff8002cdc4                inet_chksum_pseudo_partial
 .text          0xffffffff8002d0a0      0x310 os/net/lwip-1.4.1/src/core/ipv4/icmp.o
                0xffffffff8002d188                icmp_input
                0xffffffff8002d0a0                icmp_dest_unreach
 .text          0xffffffff8002d3b0      0x3e0 os/net/lwip-1.4.1/src/api/netdb.o
                0xffffffff8002d5ac                lwip_getaddrinfo
                0xffffffff8002d440                lwip_gethostbyname_r
                0xffffffff8002d758                lwip_freeaddrinfo
                0xffffffff8002d3b0                lwip_gethostbyname
 .text          0xffffffff8002d790      0xac0 os/net/lwip-1.4.1/src/api/api_lib.o
                0xffffffff8002d984                netconn_shutdown
                0xffffffff8002d830                netconn_recved
                0xffffffff8002d9a0                netconn_close
                0xffffffff8002dbe4                netconn_disconnect
                0xffffffff8002d890                netconn_join_leave_group
                0xffffffff8002e07c                netconn_accept
                0xffffffff8002dd4c                netconn_getaddr
                0xffffffff8002dc54                netconn_connect
                0xffffffff8002db4c                netconn_sendto
                0xffffffff8002db74                netconn_listen_with_backlog
                0xffffffff8002e154                netconn_delete
                0xffffffff8002e058                netconn_recv_tcp_pbuf
                0xffffffff8002dad8                netconn_send
                0xffffffff8002e19c                netconn_new_with_proto_and_callback
                0xffffffff8002d9a8                netconn_write_partly
                0xffffffff8002d790                netconn_gethostbyname
                0xffffffff8002dcd0                netconn_bind
                0xffffffff8002df50                netconn_recv
 .text          0xffffffff8002e250      0x1d0 os/net/lwip-1.4.1/src/api/netifapi.o
                0xffffffff8002e288                netifapi_netif_set_addr
                0xffffffff8002e2c4                netifapi_netif_add
                0xffffffff8002e318                do_netifapi_netif_common
                0xffffffff8002e3b0                do_netifapi_netif_add
                0xffffffff8002e374                do_netifapi_netif_set_addr
                0xffffffff8002e250                netifapi_netif_common
 .text          0xffffffff8002e420      0x6a0 os/net/lwip-1.4.1/src/api/tcpip.o
                0xffffffff8002e640                tcpip_callbackmsg_new
                0xffffffff8002e5ec                tcpip_trycallback
                0xffffffff8002e49c                tcpip_callbackmsg_delete
                0xffffffff8002e428                tcpip_init
                0xffffffff8002e694                tcpip_untimeout
                0xffffffff8002e868                mem_free_callback
                0xffffffff8002e714                tcpip_timeout
                0xffffffff8002e87c                pbuf_free_callback
                0xffffffff8002e890                tcpip_apimsg
                0xffffffff8002e9c4                tcpip_input
                0xffffffff8002e8f8                tcpip_netifapi
                0xffffffff8002e7a4                tcpip_callback_with_block
 .text          0xffffffff8002eac0      0x2d0 os/net/lwip-1.4.1/src/api/netbuf.o
                0xffffffff8002ebf0                netbuf_delete
                0xffffffff8002ecd4                netbuf_alloc
                0xffffffff8002ed50                netbuf_new
                0xffffffff8002eac0                netbuf_data
                0xffffffff8002ebb0                netbuf_free
                0xffffffff8002eb04                netbuf_next
                0xffffffff8002eb30                netbuf_first
                0xffffffff8002eb48                netbuf_chain
                0xffffffff8002ec48                netbuf_ref
 .text          0xffffffff8002ed90        0x0 os/net/lwip-1.4.1/src/api/err.o
 .text          0xffffffff8002ed90     0x1950 os/net/lwip-1.4.1/src/api/api_msg.o
                0xffffffff8002fe40                do_bind
                0xffffffff8002ff14                netconn_free
                0xffffffff80030180                do_delconn
                0xffffffff800300b4                do_close
                0xffffffff8002ef64                do_join_leave_group
                0xffffffff800303cc                netconn_alloc
                0xffffffff8002f9f8                do_write
                0xffffffff8002edfc                do_getaddr
                0xffffffff8002fca4                do_disconnect
                0xffffffff8002fb40                do_listen
                0xffffffff8002f010                do_recv
                0xffffffff8002ed90                do_gethostbyname
                0xffffffff800305e8                do_newconn
                0xffffffff8002fd08                do_connect
                0xffffffff8002fa70                do_send
 .text          0xffffffff800306e0     0x2470 os/net/lwip-1.4.1/src/api/sockets.o
                0xffffffff800306e0                lwip_socket_init
                0xffffffff80032124                lwip_recvfrom
                0xffffffff80031e74                lwip_send
                0xffffffff80031244                lwip_shutdown
                0xffffffff800325f4                lwip_listen
                0xffffffff800327f8                lwip_bind
                0xffffffff8003123c                lwip_getpeername
                0xffffffff80031d6c                lwip_socket
                0xffffffff800326f4                lwip_connect
                0xffffffff80031f78                lwip_sendto
                0xffffffff80031954                lwip_select
                0xffffffff800324e8                lwip_read
                0xffffffff80030810                lwip_setsockopt
                0xffffffff80031234                lwip_getsockname
                0xffffffff80030a38                lwip_getsockopt
                0xffffffff80031f70                lwip_write
                0xffffffff800324c8                lwip_recv
                0xffffffff800306e8                lwip_ioctl
                0xffffffff80030778                lwip_fcntl
                0xffffffff8003250c                lwip_close
                0xffffffff800328ec                lwip_accept
 .text          0xffffffff80032b50        0x0 os/net/lwip-1.4.1/src/netif/slipif.o
 .text          0xffffffff80032b50      0xec0 os/net/lwip-1.4.1/src/netif/etharp.o
                0xffffffff800333d0                etharp_request
                0xffffffff80032f00                etharp_cleanup_netif
                0xffffffff80032f7c                etharp_tmr
                0xffffffff8003304c                ethernet_input
                0xffffffff80032e80                etharp_find_addr
                0xffffffff800335c8                etharp_query
                0xffffffff8003382c                etharp_output
 .text          0xffffffff80033a10      0x7c0 os/net/lwip-1.4.1/src/netif/ethernetif.o
                0xffffffff80033f94                eth_device_ready
                0xffffffff80033a10                list_if
                0xffffffff80033fb4                eth_device_linkchange
                0xffffffff80033c80                eth_system_device_init
                0xffffffff80034060                eth_device_init
 .text          0xffffffff800341d0      0x4d0 os/net/lwip-1.4.1/src/arch/sys_arch.o
                0xffffffff800342cc                sys_mbox_trypost
                0xffffffff800341d0                sys_init
                0xffffffff80034370                sys_sem_signal
                0xffffffff80034240                sys_arch_mbox_fetch
                0xffffffff800341f8                sys_assert
                0xffffffff800341e8                sys_mbox_valid
                0xffffffff800343f4                sys_sem_new
                0xffffffff80034300                sys_mbox_free
                0xffffffff80034450                sys_arch_protect
                0xffffffff800341f0                sys_mbox_set_invalid
                0xffffffff800343ec                sys_sem_free
                0xffffffff80034568                assert_printf
                0xffffffff80034308                sys_mbox_new
                0xffffffff80034348                sys_thread_new
                0xffffffff800341e0                sys_sem_set_invalid
                0xffffffff80034378                sys_arch_sem_wait
                0xffffffff800342c4                sys_now
                0xffffffff80034458                lwip_system_init
                0xffffffff80034448                sys_arch_unprotect
                0xffffffff800341d8                sys_sem_valid
                0xffffffff80034200                sys_arch_mbox_tryfetch
                0xffffffff800342f4                sys_mbox_post
 .text          0xffffffff800346a0     0x14f0 os/hardware/spi_flash.o
                0xffffffff800351b8                fl_program_device
                0xffffffff80034f64                chipErase
                0xffffffff80034704                ls1x_spi_readb
                0xffffffff8003476c                tgt_flashmap
                0xffffffff80034d14                spi_flash_read_area
                0xffffffff800347f8                tgt_flashwrite_disable
                0xffffffff80034b0c                fl_devident
                0xffffffff80034e1c                write_enable
                0xffffffff800354f4                spi_flash_erase_area
                0xffffffff80034c04                findNorFlashType
                0xffffffff80034df8                read_flash_data
                0xffffffff800358c8                tgt_flashprogram
                0xffffffff800347f0                tgt_flashwrite_enable
                0xffffffff800346a0                ls1x_spi_writeb
                0xffffffff80034cb8                read_status
                0xffffffff80034778                fl_find_map
                0xffffffff800347c8                ls1x_spi_flash_ren
                0xffffffff80035030                write_status
                0xffffffff80035604                fl_erase_device
                0xffffffff80035adc                ls1x_spi_probe
                0xffffffff800349dc                ls1x_spi_chipselect
                0xffffffff800359cc                spi_flash_erase_sector
                0xffffffff80035684                fl_verify_device
                0xffffffff800350a8                spi_flash_write_area
                0xffffffff80034800                tgt_flashinfo
 .text          0xffffffff80035b90       0x40 os/hardware/reboot.o
                0xffffffff80035b90                reboot
 .text          0xffffffff80035bd0      0x4b0 os/filesys/netio.o
                0xffffffff80035c1c                netwrite
                0xffffffff80035f14                netopen
                0xffffffff80035bd0                netfs_init
                0xffffffff80035c84                netclose
                0xffffffff80035c50                netlseek
                0xffffffff80035d14                parseUrl
                0xffffffff80035be8                netread
                0xffffffff80035cc4                netioctl
                0xffffffff80035cb8                init_fs_netfs
 .text          0xffffffff80036080     0x1110 os/filesys/tftplib.o
                0xffffffff80036140                getservent
                0xffffffff80036080                setservent
                0xffffffff80036134                init_netfs_tftp
                0xffffffff80036dcc                getservbyname
                0xffffffff8003608c                endservent
 .text          0xffffffff80037190      0xc00 os/filesys/filesys.o
                0xffffffff80037740                ioctl
                0xffffffff8003744c                filefs_init
                0xffffffff80037408                lseek
                0xffffffff80037190                strbequ
                0xffffffff800373c4                read
                0xffffffff80037668                tftpOpen
                0xffffffff80037464                strposn
                0xffffffff800377ac                strpat
                0xffffffff80037510                updateLuojios
                0xffffffff80037970                open
                0xffffffff80037be8                tftpOpenEntry
                0xffffffff8003737c                close
 .text          0xffffffff80037d90      0xd00 os/filesys/loadelf.o
                0xffffffff80037dd4                newsym
                0xffffffff80037fc0                highmemcpy
                0xffffffff80037d98                dl_checkloadaddr
                0xffffffff80037fe8                load_elf
                0xffffffff80037d90                md_valid_load_addr
                0xffffffff80037f98                highmemset
                0xffffffff80037da0                dl_checksetloadaddr
 .text          0xffffffff80038a90      0x1f0 os/filesys/load.o
                0xffffffff80038a90                go
                0xffffffff80038b6c                loadelf
                0xffffffff80038bac                do_loadelf
 *(.rodata)
 .rodata        0xffffffff80038c80      0x1d0 lib/start.o
 .rodata        0xffffffff80038e50       0x50 lib/ls1c_pin.o
 .rodata        0xffffffff80038ea0       0x10 lib/ls1c_clock.o
 .rodata        0xffffffff80038eb0      0x180 lib/ls1c_uart.o
 .rodata        0xffffffff80039030       0x20 lib/ls1c_spi.o
 .rodata        0xffffffff80039050       0xd0 lib/ls1c_pwm.o
 .rodata        0xffffffff80039120       0x20 example/test_can.o
 .rodata        0xffffffff80039140       0x10 example/test_i2c.o
 .rodata        0xffffffff80039150       0x60 example/test_fpu.o
 .rodata        0xffffffff800391b0       0x10 example/test_timer.o
 .rodata        0xffffffff800391c0       0x20 example/test_gpio.o
 .rodata        0xffffffff800391e0       0x10 example/test_sys_tick.o
 .rodata        0xffffffff800391f0       0x70 example/test_uart.o
 .rodata        0xffffffff80039260       0xe0 example/test_spi.o
                0xffffffff80039260                tm7705_ntc_temptable
 .rodata        0xffffffff80039340       0x20 example/test_simulate_i2c.o
 .rodata        0xffffffff80039360      0x110 libc/ctype.o
                0xffffffff80039360                _C_ctype_
 .rodata        0xffffffff80039470      0x210 libc/toupper.o
                0xffffffff80039470                _C_toupper_
 .rodata        0xffffffff80039680       0x90 libc/vsprintf.o
 .rodata        0xffffffff80039710       0x30 libm/e_pow.o
 .rodata        0xffffffff80039740       0x30 os/mem.o
 .rodata        0xffffffff80039770       0x20 os/env.o
 .rodata        0xffffffff80039790      0x1c0 os/common_fun.o
 .rodata        0xffffffff80039950      0x1e0 os/thread.o
                0xffffffff80039958                __lowest_bit_bitmap
 .rodata        0xffffffff80039b30       0x50 os/net/synMain.o
 .rodata        0xffffffff80039b80       0x40 os/net/lwip-1.4.1/src/core/memp.o
 .rodata        0xffffffff80039bc0       0x30 os/net/lwip-1.4.1/src/core/tcp_in.o
 .rodata        0xffffffff80039bf0       0x80 os/net/lwip-1.4.1/src/core/tcp.o
                0xffffffff80039c4c                tcp_persist_backoff
                0xffffffff80039c10                tcp_state_str
                0xffffffff80039c54                tcp_pcb_lists
                0xffffffff80039c3c                tcp_backoff
 .rodata        0xffffffff80039c70       0x10 os/net/lwip-1.4.1/src/core/ipv4/ip_addr.o
                0xffffffff80039c70                ip_addr_any
                0xffffffff80039c74                ip_addr_broadcast
 .rodata        0xffffffff80039c80       0x30 os/net/lwip-1.4.1/src/api/tcpip.o
 .rodata        0xffffffff80039cb0       0xe0 os/net/lwip-1.4.1/src/api/sockets.o
 .rodata        0xffffffff80039d90       0x10 os/net/lwip-1.4.1/src/netif/etharp.o
                0xffffffff80039d90                ethbroadcast
                0xffffffff80039d98                ethzero
 .rodata        0xffffffff80039da0       0x70 os/net/lwip-1.4.1/src/netif/ethernetif.o
 .rodata        0xffffffff80039e10       0x50 os/filesys/tftplib.o
 *(.rodata.*)
 .rodata.str1.4
                0xffffffff80039e60       0x73 lib/ls1c_can.o
                                         0x74 (size before relaxing)
 *fill*         0xffffffff80039ed3        0x1 00000000
 .rodata.str1.4
                0xffffffff80039ed4       0x2a lib/ls1c_timer.o
                                         0x2c (size before relaxing)
 *fill*         0xffffffff80039efe        0x2 00000000
 .rodata.str1.4
                0xffffffff80039f00       0x1c lib/ls1c_irq.o
 .rodata.str1.4
                0xffffffff80039f1c       0x63 lib/ls1c_clock.o
                                         0x68 (size before relaxing)
 *fill*         0xffffffff80039f7f        0x1 00000000
 .rodata.str1.4
                0xffffffff80039f80       0x9a lib/ls1c_spi.o
                                         0x9c (size before relaxing)
 *fill*         0xffffffff8003a01a        0x6 00000000
 .rodata.cst8   0xffffffff8003a020       0x18 lib/ls1c_pwm.o
 .rodata.cst4   0xffffffff8003a038        0x4 lib/ls1c_pwm.o
 .rodata.str1.4
                0xffffffff8003a03c      0x218 example/test_can.o
                                        0x224 (size before relaxing)
 .rodata.str1.4
                0xffffffff8003a254       0x4b example/test_i2c.o
                                         0x4c (size before relaxing)
 *fill*         0xffffffff8003a29f        0x1 00000000
 .rodata.str1.4
                0xffffffff8003a2a0       0x5a example/test_fpu.o
                                         0x5c (size before relaxing)
 *fill*         0xffffffff8003a2fa        0x2 00000000
 .rodata.cst4   0xffffffff8003a2fc        0xc example/test_fpu.o
 .rodata.cst8   0xffffffff8003a308       0x18 example/test_fpu.o
 .rodata.str1.4
                0xffffffff8003a320       0x26 example/test_timer.o
                                         0x28 (size before relaxing)
 *fill*         0xffffffff8003a346        0x2 00000000
 .rodata.str1.4
                0xffffffff8003a348       0x1b example/test_gpio.o
                                         0x1c (size before relaxing)
 *fill*         0xffffffff8003a363        0x1 00000000
 .rodata.str1.4
                0xffffffff8003a364       0x6b example/test_sys_tick.o
                                         0x6c (size before relaxing)
 *fill*         0xffffffff8003a3cf        0x1 00000000
 .rodata.str1.4
                0xffffffff8003a3d0       0xfd example/test_uart.o
                                        0x100 (size before relaxing)
 *fill*         0xffffffff8003a4cd        0x3 00000000
 .rodata.cst4   0xffffffff8003a4d0        0x4 example/test_uart.o
 .rodata.str1.4
                0xffffffff8003a4d4       0x80 example/test_spi.o
 .rodata.cst4   0xffffffff8003a554        0x8 example/test_spi.o
 .rodata.str1.4
                0xffffffff8003a55c       0x8f example/test_simulate_i2c.o
                                         0xc4 (size before relaxing)
 *fill*         0xffffffff8003a5eb        0x1 00000000
 .rodata.cst4   0xffffffff8003a5ec        0x4 example/test_pwm.o
 .rodata.cst8   0xffffffff8003a5f0       0x10 libc/modf.o
 .rodata.str1.4
                0xffffffff8003a600       0x1e libc/scanf.o
                                         0x20 (size before relaxing)
 *fill*         0xffffffff8003a61e        0x2 00000000
 .rodata.str1.4
                0xffffffff8003a620        0x2 libc/atob.o
                                          0x4 (size before relaxing)
 *fill*         0xffffffff8003a622        0x2 00000000
 .rodata.str1.4
                0xffffffff8003a624       0x42 libc/vsprintf.o
                                         0x44 (size before relaxing)
 *fill*         0xffffffff8003a666        0x2 00000000
 .rodata.cst8   0xffffffff8003a668       0x20 libc/vsprintf.o
 .rodata.str1.4
                0x0000000000000000       0x42 libc/str_fmt.o
                                          0x4 (size before relaxing)
 .rodata.cst8   0xffffffff8003a688       0x20 libm/s_scalbn.o
 .rodata.cst8   0xffffffff8003a6a8       0xe0 libm/e_pow.o
                                         0xf8 (size before relaxing)
 .rodata.str1.4
                0xffffffff8003a788      0x37e os/mem.o
                                        0x384 (size before relaxing)
 *fill*         0xffffffff8003ab06        0x2 00000000
 .rodata.name   0xffffffff8003ab08       0x20 os/mem.o
                0xffffffff8003ab18                __fsym___cmd_list_mem_desc
                0xffffffff8003ab08                __fsym___cmd_list_mem_name
 .rodata.str1.4
                0xffffffff8003ab28      0x227 os/env.o
                                        0x22c (size before relaxing)
 *fill*         0xffffffff8003ad4f        0x1 00000000
 .rodata.name   0xffffffff8003ad50       0x40 os/env.o
                0xffffffff8003ad50                __fsym___cmd_clearEnv_name
                0xffffffff8003ad80                __fsym___cmd_set_desc
                0xffffffff8003ad74                __fsym___cmd_set_name
                0xffffffff8003ad60                __fsym___cmd_clearEnv_desc
 .rodata.str1.4
                0xffffffff8003ad90       0xe8 os/common_fun.o
                                         0xec (size before relaxing)
 .rodata.str1.4
                0xffffffff8003ae78       0xa4 os/os.o
 .rodata.str1.4
                0xffffffff8003af1c       0xd3 os/shell.o
                                         0xdc (size before relaxing)
 *fill*         0xffffffff8003afef        0x1 00000000
 .rodata.name   0xffffffff8003aff0       0x14 os/shell.o
                0xffffffff8003aff0                __fsym___cmd_help_name
                0xffffffff8003affc                __fsym___cmd_help_desc
 .rodata.str1.4
                0xffffffff8003b004      0x4d9 os/thread.o
                                        0x524 (size before relaxing)
 *fill*         0xffffffff8003b4dd        0x3 00000000
 .rodata.name   0xffffffff8003b4e0       0x8c os/thread.o
                0xffffffff8003b538                __fsym___cmd_showThreadStack_name
                0xffffffff8003b4f4                __fsym___cmd_list_thread_desc
                0xffffffff8003b4e0                __fsym___cmd_list_thread_name
                0xffffffff8003b550                __fsym___cmd_showThreadStack_desc
                0xffffffff8003b50c                __fsym___cmd_kill_name
                0xffffffff8003b518                __fsym___cmd_kill_desc
 .rodata.str1.4
                0xffffffff8003b56c      0x39c os/net/synMain.o
                                        0x3cc (size before relaxing)
 .rodata.str1.4
                0xffffffff8003b908       0x1d os/net/synopGMAC_Dev.o
                                         0x20 (size before relaxing)
 *fill*         0xffffffff8003b925        0x3 00000000
 .rodata.str1.4
                0xffffffff8003b928       0x27 os/net/lwip-1.4.1/src/core/memp.o
                                         0x28 (size before relaxing)
 *fill*         0xffffffff8003b94f        0x1 00000000
 .rodata.str1.4
                0xffffffff8003b950        0xf os/net/lwip-1.4.1/src/core/dns.o
                                         0x10 (size before relaxing)
 *fill*         0xffffffff8003b95f        0x1 00000000
 .rodata.str1.4
                0xffffffff8003b960       0x76 os/net/lwip-1.4.1/src/core/tcp.o
                                         0x78 (size before relaxing)
 *fill*         0xffffffff8003b9d6        0x2 00000000
 .rodata.str1.4
                0xffffffff8003b9d8       0x5e os/net/lwip-1.4.1/src/api/tcpip.o
                                         0x60 (size before relaxing)
 *fill*         0xffffffff8003ba36        0x2 00000000
 .rodata.str1.4
                0xffffffff8003ba38      0x19d os/net/lwip-1.4.1/src/netif/ethernetif.o
                                        0x1b4 (size before relaxing)
 *fill*         0xffffffff8003bbd5        0x3 00000000
 .rodata.name   0xffffffff8003bbd8       0x20 os/net/lwip-1.4.1/src/netif/ethernetif.o
                0xffffffff8003bbe8                __fsym___cmd_list_if_desc
                0xffffffff8003bbd8                __fsym___cmd_list_if_name
 .rodata.str1.4
                0xffffffff8003bbf8       0x2e os/net/lwip-1.4.1/src/arch/sys_arch.o
                                         0x30 (size before relaxing)
 *fill*         0xffffffff8003bc26        0x2 00000000
 .rodata.str1.4
                0xffffffff8003bc28      0x19e os/hardware/spi_flash.o
                                        0x1a4 (size before relaxing)
 *fill*         0xffffffff8003bdc6        0x2 00000000
 .rodata.str1.4
                0xffffffff8003bdc8        0xe os/hardware/reboot.o
                                         0x10 (size before relaxing)
 *fill*         0xffffffff8003bdd6        0x2 00000000
 .rodata.name   0xffffffff8003bdd8       0x20 os/hardware/reboot.o
                0xffffffff8003bdd8                __fsym___cmd_reboot_name
                0xffffffff8003bde8                __fsym___cmd_reboot_desc
 .rodata.str1.4
                0xffffffff8003bdf8       0x54 os/filesys/netio.o
                                         0x58 (size before relaxing)
 .rodata.str1.4
                0xffffffff8003be4c      0x15b os/filesys/tftplib.o
                                        0x15c (size before relaxing)
 *fill*         0xffffffff8003bfa7        0x1 00000000
 .rodata.str1.4
                0xffffffff8003bfa8      0x192 os/filesys/filesys.o
                                        0x1c4 (size before relaxing)
 *fill*         0xffffffff8003c13a        0x2 00000000
 .rodata.name   0xffffffff8003c13c       0x5c os/filesys/filesys.o
                0xffffffff8003c14c                __fsym___cmd_tftpOpen_desc
                0xffffffff8003c164                __fsym___cmd_updateLuojios_name
                0xffffffff8003c13c                __fsym___cmd_tftpOpen_name
                0xffffffff8003c178                __fsym___cmd_updateLuojios_desc
 .rodata.str1.4
                0xffffffff8003c198      0x294 os/filesys/loadelf.o
 .rodata.str1.4
                0xffffffff8003c42c       0xac os/filesys/load.o
                                         0xc4 (size before relaxing)
 .rodata.name   0xffffffff8003c4d8       0x40 os/filesys/load.o
                0xffffffff8003c508                __fsym___cmd_go_desc
                0xffffffff8003c4d8                __fsym___cmd_loadelf_name
                0xffffffff8003c4e8                __fsym___cmd_loadelf_desc
                0xffffffff8003c4fc                __fsym___cmd_go_name
 *(.rodata1)
 *(.reginfo)
 .reginfo       0xffffffff8003c518       0x18 lib/start.o
 *(.init)
 *(.stub)
 *(.gnu.warning)
                0xffffffff8003c530                . = ALIGN (0x4)
                0xffffffff8003c530                __fsymtab_start = .
 *(FSymTab)
 FSymTab        0xffffffff8003c530        0xc os/mem.o
                0xffffffff8003c530                __fsym___cmd_list_mem
 FSymTab        0xffffffff8003c53c       0x18 os/env.o
                0xffffffff8003c548                __fsym___cmd_set
                0xffffffff8003c53c                __fsym___cmd_clearEnv
 FSymTab        0xffffffff8003c554        0xc os/shell.o
                0xffffffff8003c554                __fsym___cmd_help
 FSymTab        0xffffffff8003c560       0x24 os/thread.o
                0xffffffff8003c560                __fsym___cmd_list_thread
                0xffffffff8003c56c                __fsym___cmd_kill
                0xffffffff8003c578                __fsym___cmd_showThreadStack
 FSymTab        0xffffffff8003c584        0xc os/net/lwip-1.4.1/src/netif/ethernetif.o
                0xffffffff8003c584                __fsym___cmd_list_if
 FSymTab        0xffffffff8003c590        0xc os/hardware/reboot.o
                0xffffffff8003c590                __fsym___cmd_reboot
 FSymTab        0xffffffff8003c59c       0x18 os/filesys/filesys.o
                0xffffffff8003c59c                __fsym___cmd_tftpOpen
                0xffffffff8003c5a8                __fsym___cmd_updateLuojios
 FSymTab        0xffffffff8003c5b4       0x18 os/filesys/load.o
                0xffffffff8003c5b4                __fsym___cmd_loadelf
                0xffffffff8003c5c0                __fsym___cmd_go
                0xffffffff8003c5cc                __fsymtab_end = .
                0xffffffff8003c5cc                . = ALIGN (0x4)
                0xffffffff8003c5cc                . = ALIGN (0x4)
                0xffffffff8003c5cc                __rt_init_start = .
 *(SORT(.rti_fn*))
 .rti_fn.0      0xffffffff8003c5cc        0x4 os/os.o
                0xffffffff8003c5cc                __rt_init_rti_start
 .rti_fn.0.end  0xffffffff8003c5d0        0x4 os/os.o
                0xffffffff8003c5d0                __rt_init_rti_board_start
 .rti_fn.1.end  0xffffffff8003c5d4        0x4 os/os.o
                0xffffffff8003c5d4                __rt_init_rti_board_end
 .rti_fn.6.end  0xffffffff8003c5d8        0x4 os/os.o
                0xffffffff8003c5d8                __rt_init_rti_end
                0xffffffff8003c5dc                __rt_init_end = .
                0xffffffff8003c5dc                . = ALIGN (0x4)
                0xffffffff8003c5dc                _etext = .
                0xffffffff8003c5dc                PROVIDE (etext, .)

.rel.dyn        0xffffffff8003c5dc        0x0
 .rel.dyn       0x0000000000000000        0x0 libc/ctype.o

.fini
 *(.fini)

.data           0xffffffff8003c5e0      0xa20
                0xffffffff8003c5e0                _fdata = .
 *(.data)
 .data          0xffffffff8003c5e0        0x0 lib/start.o
 .data          0xffffffff8003c5e0        0x0 os/context_gcc.o
 .data          0xffffffff8003c5e0        0x0 lib/ls1c_delay.o
 .data          0xffffffff8003c5e0        0x0 lib/ls1c_cache.o
 .data          0xffffffff8003c5e0        0x0 lib/ls1c_can.o
 .data          0xffffffff8003c5e0        0x0 lib/ls1c_simulate_i2c.o
 .data          0xffffffff8003c5e0        0x0 lib/ls1c_timer.o
 .data          0xffffffff8003c5e0        0x0 lib/ls1c_pin.o
 .data          0xffffffff8003c5e0       0x10 lib/ls1c_irq.o
                0xffffffff8003c5e0                ls1c_hw0_icregs
 .data          0xffffffff8003c5f0        0x0 lib/ls1c_i2c.o
 .data          0xffffffff8003c5f0        0x0 lib/ls1c_public.o
 .data          0xffffffff8003c5f0        0x0 lib/ls1c_sys_tick.o
 .data          0xffffffff8003c5f0        0x0 lib/ls1c_clock.o
 .data          0xffffffff8003c5f0        0x0 lib/ls1c_uart.o
 .data          0xffffffff8003c5f0        0x0 lib/ls1c_spi.o
 .data          0xffffffff8003c5f0        0x0 lib/ls1c_gpio.o
 .data          0xffffffff8003c5f0        0x0 lib/ls1c_pwm.o
 .data          0xffffffff8003c5f0        0x0 example/test_delay.o
 .data          0xffffffff8003c5f0        0x0 example/test_can.o
 .data          0xffffffff8003c5f0        0x0 example/test_i2c.o
 .data          0xffffffff8003c5f0        0x0 example/test_fpu.o
 .data          0xffffffff8003c5f0        0x0 example/test_timer.o
 .data          0xffffffff8003c5f0        0x0 example/led.o
 .data          0xffffffff8003c5f0        0x0 example/test_gpio.o
 .data          0xffffffff8003c5f0        0x0 example/test_sys_tick.o
 .data          0xffffffff8003c5f0        0x0 example/test_uart.o
 .data          0xffffffff8003c5f0        0x0 example/test_spi.o
 .data          0xffffffff8003c5f0       0x10 example/test_simulate_i2c.o
                0xffffffff8003c5f0                am2320_info
 .data          0xffffffff8003c600        0x0 example/test_pwm.o
 .data          0xffffffff8003c600        0x0 app/main.o
 .data          0xffffffff8003c600       0x10 libc/ctype.o
                0xffffffff8003c600                _ctype_
 .data          0xffffffff8003c610        0x0 libc/printf.o
 .data          0xffffffff8003c610        0x0 libc/strcspn.o
 .data          0xffffffff8003c610        0x0 libc/sprintf.o
 .data          0xffffffff8003c610        0x0 libc/strstr.o
 .data          0xffffffff8003c610        0x0 libc/strlen.o
 .data          0xffffffff8003c610        0x0 libc/strcmp.o
 .data          0xffffffff8003c610        0x0 libc/strcpy.o
 .data          0xffffffff8003c610        0x0 libc/modf.o
 .data          0xffffffff8003c610        0x0 libc/memcpy.o
 .data          0xffffffff8003c610        0x0 libc/strichr.o
 .data          0xffffffff8003c610        0x0 libc/strcat.o
 .data          0xffffffff8003c610        0x0 libc/strtoupp.o
 .data          0xffffffff8003c610        0x0 libc/fls.o
 .data          0xffffffff8003c610        0x0 libc/scanf.o
 .data          0xffffffff8003c610       0x10 libc/toupper.o
                0xffffffff8003c610                _toupper_tab_
 .data          0xffffffff8003c620        0x0 libc/strncpy.o
 .data          0xffffffff8003c620        0x0 libc/atob.o
 .data          0xffffffff8003c620        0x0 libc/vsprintf.o
 .data          0xffffffff8003c620        0x0 libc/ffs.o
 .data          0xffffffff8003c620        0x0 libc/str_fmt.o
 .data          0xffffffff8003c620        0x0 libc/strchr.o
 .data          0xffffffff8003c620        0x0 libm/s_fabs.o
 .data          0xffffffff8003c620        0x0 libm/s_scalbn.o
 .data          0xffffffff8003c620        0x0 libm/e_pow.o
 .data          0xffffffff8003c620        0x0 libm/e_sqrt.o
 .data          0xffffffff8003c620        0x0 libm/s_copysign.o
 .data          0xffffffff8003c620       0x10 os/getchar.o
                0xffffffff8003c620                uart2
 .data          0xffffffff8003c630        0x0 os/mem.o
 .data          0xffffffff8003c630        0x0 os/testFun.o
 .data          0xffffffff8003c630        0x0 os/stdlib.o
 .data          0xffffffff8003c630       0x50 os/env.o
                0xffffffff8003c634                stdenvtab
                0xffffffff8003c630                bootRomSize
 .data          0xffffffff8003c680        0x0 os/common_fun.o
 .data          0xffffffff8003c680        0x0 os/os.o
 .data          0xffffffff8003c680        0x0 os/shell.o
 .data          0xffffffff8003c680       0x10 os/rand.o
 .data          0xffffffff8003c690        0x0 os/thread.o
 .data          0xffffffff8003c690       0x50 os/net/synMain.o
                0xffffffff8003c690                regbase
                0xffffffff8003c6c4                this_eth_dev_name
                0xffffffff8003c6a4                gateway_addr_mem
                0xffffffff8003c694                ip_addr_mem
                0xffffffff8003c6b4                mask_addr_mem
 .data          0xffffffff8003c6e0        0x0 os/net/mii.o
 .data          0xffffffff8003c6e0        0x0 os/net/synopGMAC_plat.o
 .data          0xffffffff8003c6e0        0x0 os/net/synopGMAC_Dev.o
 .data          0xffffffff8003c6e0        0x0 os/net/lwip-1.4.1/src/core/dhcp.o
 .data          0xffffffff8003c6e0        0x0 os/net/lwip-1.4.1/src/core/mem.o
 .data          0xffffffff8003c6e0        0x0 os/net/lwip-1.4.1/src/core/init.o
 .data          0xffffffff8003c6e0        0x0 os/net/lwip-1.4.1/src/core/memp.o
 .data          0xffffffff8003c6e0        0x0 os/net/lwip-1.4.1/src/core/sys.o
 .data          0xffffffff8003c6e0        0x0 os/net/lwip-1.4.1/src/core/tcp_in.o
 .data          0xffffffff8003c6e0        0x0 os/net/lwip-1.4.1/src/core/dns.o
 .data          0xffffffff8003c6e0        0x0 os/net/lwip-1.4.1/src/core/raw.o
 .data          0xffffffff8003c6e0       0x10 os/net/lwip-1.4.1/src/core/tcp.o
 .data          0xffffffff8003c6f0        0x0 os/net/lwip-1.4.1/src/core/def.o
 .data          0xffffffff8003c6f0        0x0 os/net/lwip-1.4.1/src/core/netif.o
 .data          0xffffffff8003c6f0        0x0 os/net/lwip-1.4.1/src/core/stats.o
 .data          0xffffffff8003c6f0        0x0 os/net/lwip-1.4.1/src/core/timers.o
 .data          0xffffffff8003c6f0        0x0 os/net/lwip-1.4.1/src/core/pbuf.o
 .data          0xffffffff8003c6f0       0x10 os/net/lwip-1.4.1/src/core/udp.o
 .data          0xffffffff8003c700        0x0 os/net/lwip-1.4.1/src/core/tcp_out.o
 .data          0xffffffff8003c700        0x0 os/net/lwip-1.4.1/src/core/ipv4/ip_frag.o
 .data          0xffffffff8003c700        0x0 os/net/lwip-1.4.1/src/core/ipv4/inet.o
 .data          0xffffffff8003c700        0x0 os/net/lwip-1.4.1/src/core/ipv4/ip_addr.o
 .data          0xffffffff8003c700        0x0 os/net/lwip-1.4.1/src/core/ipv4/igmp.o
 .data          0xffffffff8003c700        0x0 os/net/lwip-1.4.1/src/core/ipv4/ip.o
 .data          0xffffffff8003c700        0x0 os/net/lwip-1.4.1/src/core/ipv4/autoip.o
 .data          0xffffffff8003c700        0x0 os/net/lwip-1.4.1/src/core/ipv4/inet_chksum.o
 .data          0xffffffff8003c700        0x0 os/net/lwip-1.4.1/src/core/ipv4/icmp.o
 .data          0xffffffff8003c700        0x0 os/net/lwip-1.4.1/src/api/netdb.o
 .data          0xffffffff8003c700        0x0 os/net/lwip-1.4.1/src/api/api_lib.o
 .data          0xffffffff8003c700        0x0 os/net/lwip-1.4.1/src/api/netifapi.o
 .data          0xffffffff8003c700        0x0 os/net/lwip-1.4.1/src/api/tcpip.o
 .data          0xffffffff8003c700        0x0 os/net/lwip-1.4.1/src/api/netbuf.o
 .data          0xffffffff8003c700        0x0 os/net/lwip-1.4.1/src/api/err.o
 .data          0xffffffff8003c700        0x0 os/net/lwip-1.4.1/src/api/api_msg.o
 .data          0xffffffff8003c700        0x0 os/net/lwip-1.4.1/src/api/sockets.o
 .data          0xffffffff8003c700        0x0 os/net/lwip-1.4.1/src/netif/slipif.o
 .data          0xffffffff8003c700        0x0 os/net/lwip-1.4.1/src/netif/etharp.o
 .data          0xffffffff8003c700        0x0 os/net/lwip-1.4.1/src/netif/ethernetif.o
 .data          0xffffffff8003c700        0x0 os/net/lwip-1.4.1/src/arch/sys_arch.o
 .data          0xffffffff8003c700      0x100 os/hardware/spi_flash.o
                0xffffffff8003c700                fl_known_dev
                0xffffffff8003c7c0                tgt_fl_map_boot16
 .data          0xffffffff8003c800        0x0 os/hardware/reboot.o
 .data          0xffffffff8003c800       0x30 os/filesys/netio.o
 .data          0xffffffff8003c830       0x20 os/filesys/tftplib.o
 .data          0xffffffff8003c850       0x10 os/filesys/filesys.o
                0xffffffff8003c854                tftpBufSize
                0xffffffff8003c850                tftpEveryReadSize
 .data          0xffffffff8003c860        0x0 os/filesys/loadelf.o
 .data          0xffffffff8003c860        0x0 os/filesys/load.o
                0xffffffff8003c860                . = ALIGN (0x20)
 *(.data.align32)
                0xffffffff8003c880                . = ALIGN (0x40)
 *fill*         0xffffffff8003c860       0x20 00
 *(.data.align64)
                0xffffffff8003c880                . = ALIGN (0x80)
 *(.data.align128)
                0xffffffff8003d000                . = ALIGN (0x1000)
 *fill*         0xffffffff8003c880      0x780 00
 *(.data.align4096)

.data1
 *(.data1)

.ctors          0xffffffff8003d000        0x8
                0xffffffff8003d000                __CTOR_LIST__ = .
                0xffffffff8003d000        0x4 LONG 0x0 (((__CTOR_END__ - __CTOR_LIST__) / 0x4) - 0x2)
 *(.ctors)
                0xffffffff8003d004        0x4 LONG 0x0
                0xffffffff8003d008                __CTOR_END__ = .

.dtors          0xffffffff8003d008        0x8
                0xffffffff8003d008                __DTOR_LIST__ = .
                0xffffffff8003d008        0x4 LONG 0x0 (((__DTOR_END__ - __DTOR_LIST__) / 0x4) - 0x2)
 *(.dtors)
                0xffffffff8003d00c        0x4 LONG 0x0
                0xffffffff8003d010                __DTOR_END__ = .
                0xffffffff80045000                _gp = (ALIGN (0x10) + 0x7ff0)

.got
 *(.got.plt)
 *(.got)

.sdata
 *(.sdata)

.lit8
 *(.lit8)

.lit4
 *(.lit4)
                0xffffffff8003d010                _edata = .
                0xffffffff8003d010                PROVIDE (edata, .)
                0xffffffff8003d010                __bss_start = .
                0xffffffff8003d010                _fbss = .

.sbss
 *(.sbss)
 *(.scommon)

.bss            0xffffffff8003d010     0x6280
 *(.dynbss)
 *(.bss)
 .bss           0xffffffff8003d010        0x0 lib/start.o
 .bss           0xffffffff8003d010        0x0 os/context_gcc.o
 .bss           0xffffffff8003d010        0x0 lib/ls1c_delay.o
 .bss           0xffffffff8003d010        0x0 lib/ls1c_cache.o
 .bss           0xffffffff8003d010        0x0 lib/ls1c_can.o
 .bss           0xffffffff8003d010        0x0 lib/ls1c_simulate_i2c.o
 .bss           0xffffffff8003d010        0x0 lib/ls1c_timer.o
 .bss           0xffffffff8003d010        0x0 lib/ls1c_pin.o
 .bss           0xffffffff8003d010        0x0 lib/ls1c_irq.o
 .bss           0xffffffff8003d010        0x0 lib/ls1c_i2c.o
 .bss           0xffffffff8003d010        0x0 lib/ls1c_public.o
 .bss           0xffffffff8003d010       0x10 lib/ls1c_sys_tick.o
 .bss           0xffffffff8003d020        0x0 lib/ls1c_clock.o
 .bss           0xffffffff8003d020       0x10 lib/ls1c_uart.o
                0xffffffff8003d020                debug_uart_info
 .bss           0xffffffff8003d030        0x0 lib/ls1c_spi.o
 .bss           0xffffffff8003d030        0x0 lib/ls1c_gpio.o
 .bss           0xffffffff8003d030        0x0 lib/ls1c_pwm.o
 .bss           0xffffffff8003d030        0x0 example/test_delay.o
 .bss           0xffffffff8003d030        0x0 example/test_can.o
 .bss           0xffffffff8003d030        0x0 example/test_i2c.o